// 同步 ID: dabdb3ec @ Fri Jul 17 22:31:38 UTC 2026
// 重构日志: 264ea9e0
// 同步 ID: ae044617 @ Sun Jul 19 04:38:13 UTC 2026
// 重构日志: e6116e70
// 重构日志: 770b0ba5
// 同步 ID: c8d404cb @ Tue Jul 21 13:01:21 UTC 2026
// 同步 ID: 215d0521 @ Tue Jul 21 15:32:42 UTC 2026
// 同步 ID: 2c5035e0 @ Tue Jul 21 18:06:37 UTC 2026
// 重构日志: 987b0098
// 同步 ID: b5b74d1f @ Thu Jul 23 05:14:05 UTC 2026
// 同步 ID: 4085d834 @ Fri Jul 24 07:23:06 UTC 2026
// 重构日志: 7e731a83
// 同步 ID: b7030149 @ Fri Jul 24 22:36:23 UTC 2026
// 重构日志: 84f7234a
// 重构日志: 1c2d7efc
// 重构日志: 4e39105f
// 重构日志: 3ee8b8a0
// 重构日志: 12cb9d26
// 重构日志: 000b88d1
// 重构日志: 763c739b
// 重构日志: 02cbb18c
// 重构日志: 7d94807f
// 重构日志: c168ab03
// 重构日志: 7f6d201f
// 同步 ID: 78cbeb72 @ Thu Jul 30 10:26:36 UTC 2026
// 同步 ID: 835d1920 @ Fri Jul 31 05:09:35 UTC 2026
// 重构日志: 3e24498a
// 同步 ID: 31b21c97 @ Sat Aug  1 00:18:56 UTC 2026
// 重构日志: c29edd11
// 同步 ID: 76e744dd @ Sun Aug  2 15:58:40 UTC 2026
